# Skill challenge GIT

echo "# skillchallenge_git" >> README.md
git init
git add README.md
git commit -m "first commit"
git branch -M main
git remote add origin https://github.com/GelenaBM/skillchallenge_git.git
git push -u origin main
Reinitialized existing Git repository in C:/git/skillchallenge_git/.git/
warning: in the working copy of 'README.md', LF will be replaced by CRLF the next time Git touches it
[main (root-commit) d029398] first commit
 1 file changed, 2 insertions(+)
 create mode 100644 README.md
error: remote origin already exists.
Enumerating objects: 3, done.
Counting objects: 100% (3/3), done.
Writing objects: 100% (3/3), 231 bytes | 231.00 KiB/s, done.
Total 3 (delta 0), reused 0 (delta 0), pack-reused 0
To https://github.com/GelenaBM/skillchallenge_git.git
 * [new branch]      main -> main
branch 'main' set up to track 'origin/main'.

Georgina@Georgina MINGW64 /c/git/skillchallenge_git (main)
$  git config --global user.email "gelenabm@gmail.com"
  git config --global user.name "Gelena"

Georgina@Georgina MINGW64 /c/git/skillchallenge_git (main)
$ echo "# Skill challenge GIT" >> desafio

Georgina@Georgina MINGW64 /c/git/skillchallenge_git (main)
$ git add desafio
warning: in the working copy of 'desafio', LF will be replaced by CRLF the next time Git touches it

Georgina@Georgina MINGW64 /c/git/skillchallenge_git (main)
$ git commit -m "crea archivo desafio"
[main ce40e57] crea archivo desafio
 1 file changed, 1 insertion(+)
 create mode 100644 desafio

Georgina@Georgina MINGW64 /c/git/skillchallenge_git (main)
$ git branch -M main

Georgina@Georgina MINGW64 /c/git/skillchallenge_git (main)
$ git push -u origin main
Enumerating objects: 4, done.
Counting objects: 100% (4/4), done.
Delta compression using up to 4 threads
Compressing objects: 100% (2/2), done.
Writing objects: 100% (3/3), 298 bytes | 298.00 KiB/s, done.
Total 3 (delta 0), reused 0 (delta 0), pack-reused 0
To https://github.com/GelenaBM/skillchallenge_git.git
   d029398..ce40e57  main -> main
branch 'main' set up to track 'origin/main'.

Georgina@Georgina MINGW64 /c/git/skillchallenge_git (main)
$ git status
On branch main
Your branch is up to date with 'origin/main'.

Changes not staged for commit:
  (use "git add <file>..." to update what will be committed)
  (use "git restore <file>..." to discard changes in working directory)
        modified:   desafio

no changes added to commit (use "git add" and/or "git commit -a")


Georgina@Georgina MINGW64 /c/git/skillchallenge_git (main)
$ git push -u origin main
Enumerating objects: 5, done.
Counting objects: 100% (5/5), done.
Delta compression using up to 4 threads
Compressing objects: 100% (3/3), done.
Writing objects: 100% (3/3), 929 bytes | 929.00 KiB/s, done.
Total 3 (delta 0), reused 0 (delta 0), pack-reused 0
To https://github.com/GelenaBM/skillchallenge_git.git
   ce40e57..8840db2  main -> main
branch 'main' set up to track 'origin/main'.

Georgina@Georgina MINGW64 /c/git/skillchallenge_git (main)
$ git status
On branch main
Your branch is up to date with 'origin/main'.

nothing to commit, working tree clean

#Segunda modificacion

Georgina@Georgina MINGW64 /c/git/skillchallenge_git (main)
$ git commit desafio -m "agrega comandos para inicializar el repositorio"
warning: in the working copy of 'desafio', LF will be replaced by CRLF the next time Git touches it
warning: in the working copy of 'desafio', LF will be replaced by CRLF the next time Git touches it
[main 8840db2] agrega comandos para inicializar el repositorio
 1 file changed, 49 insertions(+)

Georgina@Georgina MINGW64 /c/git/skillchallenge_git (main)
$ $ git push -u origin main
bash: $: command not found

Georgina@Georgina MINGW64 /c/git/skillchallenge_git (main)
$ git push -u origin main
Enumerating objects: 5, done.
Counting objects: 100% (5/5), done.
Delta compression using up to 4 threads
Compressing objects: 100% (3/3), done.
Writing objects: 100% (3/3), 929 bytes | 929.00 KiB/s, done.
Total 3 (delta 0), reused 0 (delta 0), pack-reused 0
To https://github.com/GelenaBM/skillchallenge_git.git
   ce40e57..8840db2  main -> main
branch 'main' set up to track 'origin/main'.

Georgina@Georgina MINGW64 /c/git/skillchallenge_git (main)
$ git status
On branch main
Your branch is up to date with 'origin/main'.

nothing to commit, working tree clean

Georgina@Georgina MINGW64 /c/git/skillchallenge_git (main)

